// Jest Snapshot v1, https://goo.gl/fbAQLP

exports[`should render correctly 1`] = `
<div>
  <form
    class="ant-form ant-form-horizontal css-dev-only-do-not-override-1g853jt"
  >
    <div
      class="ant-form-item css-dev-only-do-not-override-1g853jt"
    >
      <div
        class="ant-row ant-form-item-row css-dev-only-do-not-override-1g853jt"
      >
        <div
          class="ant-col ant-form-item-control css-dev-only-do-not-override-1g853jt"
        >
          <div
            class="ant-form-item-control-input"
          >
            <div
              class="ant-form-item-control-input-content"
            >
              <input
                class="ant-input css-dev-only-do-not-override-1g853jt"
                id="input1"
                placeholder="input1"
                type="text"
                value=""
              />
            </div>
          </div>
        </div>
      </div>
    </div>
    <div
      class="ant-form-item css-dev-only-do-not-override-1g853jt"
    >
      <div
        class="ant-row ant-form-item-row css-dev-only-do-not-override-1g853jt"
      >
        <div
          class="ant-col ant-form-item-control css-dev-only-do-not-override-1g853jt"
        >
          <div
            class="ant-form-item-control-input"
          >
            <div
              class="ant-form-item-control-input-content"
            >
              <input
                class="ant-input css-dev-only-do-not-override-1g853jt"
                id="input2"
                placeholder="input2"
                type="text"
                value=""
              />
            </div>
          </div>
        </div>
      </div>
    </div>
    <div
      class="ant-form-item css-dev-only-do-not-override-1g853jt"
    >
      <div
        class="ant-row ant-form-item-row css-dev-only-do-not-override-1g853jt"
      >
        <div
          class="ant-col ant-form-item-control css-dev-only-do-not-override-1g853jt"
        >
          <div
            class="ant-form-item-control-input"
          >
            <div
              class="ant-form-item-control-input-content"
            >
              <input
                class="ant-input css-dev-only-do-not-override-1g853jt"
                id="input3"
                placeholder="input3"
                type="text"
                value=""
              />
            </div>
          </div>
        </div>
      </div>
    </div>
    <div
      class="ant-form-item css-dev-only-do-not-override-1g853jt"
    >
      <div
        class="ant-row ant-form-item-row css-dev-only-do-not-override-1g853jt"
      >
        <div
          class="ant-col ant-form-item-control css-dev-only-do-not-override-1g853jt"
        >
          <div
            class="ant-form-item-control-input"
          >
            <div
              class="ant-form-item-control-input-content"
            >
              <input
                class="ant-input css-dev-only-do-not-override-1g853jt"
                id="input4"
                placeholder="input4"
                type="text"
                value=""
              />
            </div>
          </div>
        </div>
      </div>
    </div>
    <div
      class="ant-form-item css-dev-only-do-not-override-1g853jt"
    >
      <div
        class="ant-row ant-form-item-row css-dev-only-do-not-override-1g853jt"
      >
        <div
          class="ant-col ant-form-item-control css-dev-only-do-not-override-1g853jt"
        >
          <div
            class="ant-form-item-control-input"
          >
            <div
              class="ant-form-item-control-input-content"
            >
              <div
                class="ant-select ant-select-in-form-item css-dev-only-do-not-override-1g853jt ant-select-single ant-select-show-arrow"
              >
                <div
                  class="ant-select-selector"
                >
                  <span
                    class="ant-select-selection-search"
                  >
                    <input
                      aria-autocomplete="list"
                      aria-controls="select1_list"
                      aria-expanded="false"
                      aria-haspopup="listbox"
                      aria-owns="select1_list"
                      autocomplete="off"
                      class="ant-select-selection-search-input"
                      id="select1"
                      readonly=""
                      role="combobox"
                      style="opacity: 0;"
                      type="search"
                      unselectable="on"
                      value=""
                    />
                  </span>
                  <span
                    class="ant-select-selection-placeholder"
                  />
                </div>
                <span
                  aria-hidden="true"
                  class="ant-select-arrow"
                  style="user-select: none;"
                  unselectable="on"
                >
                  <span
                    aria-label="down"
                    class="anticon anticon-down ant-select-suffix"
                    role="img"
                  >
                    <svg
                      aria-hidden="true"
                      data-icon="down"
                      fill="currentColor"
                      focusable="false"
                      height="1em"
                      viewBox="64 64 896 896"
                      width="1em"
                    >
                      <path
                        d="M884 256h-75c-5.1 0-9.9 2.5-12.9 6.6L512 654.2 227.9 262.6c-3-4.1-7.8-6.6-12.9-6.6h-75c-6.5 0-10.3 7.4-6.5 12.7l352.6 486.1c12.8 17.6 39 17.6 51.7 0l352.6-486.1c3.9-5.3.1-12.7-6.4-12.7z"
                      />
                    </svg>
                  </span>
                </span>
              </div>
            </div>
          </div>
        </div>
      </div>
    </div>
  </form>
</div>
`;

exports[`should render correctly2 1`] = `
<div>
  <form
    class="ant-form ant-form-horizontal css-dev-only-do-not-override-1g853jt"
  >
    <div
      class="ant-form-item css-dev-only-do-not-override-1g853jt"
    >
      <div
        class="ant-row ant-form-item-row css-dev-only-do-not-override-1g853jt"
      >
        <div
          class="ant-col ant-form-item-control css-dev-only-do-not-override-1g853jt"
        >
          <div
            class="ant-form-item-control-input"
          >
            <div
              class="ant-form-item-control-input-content"
            >
              <input
                class="ant-input css-dev-only-do-not-override-1g853jt"
                id="input1"
                placeholder="input1"
                type="text"
                value=""
              />
            </div>
          </div>
        </div>
      </div>
    </div>
    <div
      class="ant-form-item css-dev-only-do-not-override-1g853jt"
    >
      <div
        class="ant-row ant-form-item-row css-dev-only-do-not-override-1g853jt"
      >
        <div
          class="ant-col ant-form-item-control css-dev-only-do-not-override-1g853jt"
        >
          <div
            class="ant-form-item-control-input"
          >
            <div
              class="ant-form-item-control-input-content"
            >
              <input
                class="ant-input css-dev-only-do-not-override-1g853jt"
                id="input2"
                placeholder="input2"
                type="text"
                value=""
              />
            </div>
          </div>
        </div>
      </div>
    </div>
    <div
      class="ant-form-item css-dev-only-do-not-override-1g853jt"
    >
      <div
        class="ant-row ant-form-item-row css-dev-only-do-not-override-1g853jt"
      >
        <div
          class="ant-col ant-form-item-control css-dev-only-do-not-override-1g853jt"
        >
          <div
            class="ant-form-item-control-input"
          >
            <div
              class="ant-form-item-control-input-content"
            >
              <input
                class="ant-input css-dev-only-do-not-override-1g853jt"
                id="input3"
                placeholder="input3"
                type="text"
                value=""
              />
            </div>
          </div>
        </div>
      </div>
    </div>
    <div
      class="ant-form-item css-dev-only-do-not-override-1g853jt"
    >
      <div
        class="ant-row ant-form-item-row css-dev-only-do-not-override-1g853jt"
      >
        <div
          class="ant-col ant-form-item-control css-dev-only-do-not-override-1g853jt"
        >
          <div
            class="ant-form-item-control-input"
          >
            <div
              class="ant-form-item-control-input-content"
            >
              <input
                class="ant-input css-dev-only-do-not-override-1g853jt"
                id="input4"
                placeholder="input4"
                type="text"
                value=""
              />
            </div>
          </div>
        </div>
      </div>
    </div>
    <div
      class="ant-form-item css-dev-only-do-not-override-1g853jt"
    >
      <div
        class="ant-row ant-form-item-row css-dev-only-do-not-override-1g853jt"
      >
        <div
          class="ant-col ant-form-item-control css-dev-only-do-not-override-1g853jt"
        >
          <div
            class="ant-form-item-control-input"
          >
            <div
              class="ant-form-item-control-input-content"
            >
              <div
                class="ant-select ant-select-in-form-item css-dev-only-do-not-override-1g853jt ant-select-single ant-select-show-arrow"
              >
                <div
                  class="ant-select-selector"
                >
                  <span
                    class="ant-select-selection-search"
                  >
                    <input
                      aria-autocomplete="list"
                      aria-controls="select1_list"
                      aria-expanded="false"
                      aria-haspopup="listbox"
                      aria-owns="select1_list"
                      autocomplete="off"
                      class="ant-select-selection-search-input"
                      id="select1"
                      readonly=""
                      role="combobox"
                      style="opacity: 0;"
                      type="search"
                      unselectable="on"
                      value=""
                    />
                  </span>
                  <span
                    class="ant-select-selection-placeholder"
                  />
                </div>
                <span
                  aria-hidden="true"
                  class="ant-select-arrow"
                  style="user-select: none;"
                  unselectable="on"
                >
                  <span
                    aria-label="down"
                    class="anticon anticon-down ant-select-suffix"
                    role="img"
                  >
                    <svg
                      aria-hidden="true"
                      data-icon="down"
                      fill="currentColor"
                      focusable="false"
                      height="1em"
                      viewBox="64 64 896 896"
                      width="1em"
                    >
                      <path
                        d="M884 256h-75c-5.1 0-9.9 2.5-12.9 6.6L512 654.2 227.9 262.6c-3-4.1-7.8-6.6-12.9-6.6h-75c-6.5 0-10.3 7.4-6.5 12.7l352.6 486.1c12.8 17.6 39 17.6 51.7 0l352.6-486.1c3.9-5.3.1-12.7-6.4-12.7z"
                      />
                    </svg>
                  </span>
                </span>
              </div>
            </div>
          </div>
        </div>
      </div>
    </div>
  </form>
</div>
`;

exports[`should render correctly3 1`] = `
<div>
  <form
    class="ant-form ant-form-horizontal css-dev-only-do-not-override-1g853jt"
  >
    <div
      class="ant-form-item css-dev-only-do-not-override-1g853jt"
    >
      <div
        class="ant-row ant-form-item-row css-dev-only-do-not-override-1g853jt"
      >
        <div
          class="ant-col ant-form-item-control css-dev-only-do-not-override-1g853jt"
        >
          <div
            class="ant-form-item-control-input"
          >
            <div
              class="ant-form-item-control-input-content"
            >
              <input
                class="ant-input css-dev-only-do-not-override-1g853jt"
                id="input1"
                placeholder="input1"
                type="text"
                value=""
              />
            </div>
          </div>
        </div>
      </div>
    </div>
    <div
      class="ant-form-item css-dev-only-do-not-override-1g853jt"
    >
      <div
        class="ant-row ant-form-item-row css-dev-only-do-not-override-1g853jt"
      >
        <div
          class="ant-col ant-form-item-control css-dev-only-do-not-override-1g853jt"
        >
          <div
            class="ant-form-item-control-input"
          >
            <div
              class="ant-form-item-control-input-content"
            >
              <input
                class="ant-input css-dev-only-do-not-override-1g853jt"
                id="input2"
                placeholder="input2"
                type="text"
                value=""
              />
            </div>
          </div>
        </div>
      </div>
    </div>
    <div
      class="ant-form-item css-dev-only-do-not-override-1g853jt"
    >
      <div
        class="ant-row ant-form-item-row css-dev-only-do-not-override-1g853jt"
      >
        <div
          class="ant-col ant-form-item-control css-dev-only-do-not-override-1g853jt"
        >
          <div
            class="ant-form-item-control-input"
          >
            <div
              class="ant-form-item-control-input-content"
            >
              <input
                class="ant-input css-dev-only-do-not-override-1g853jt"
                id="input3"
                placeholder="input3"
                type="text"
                value=""
              />
            </div>
          </div>
        </div>
      </div>
    </div>
    <div
      class="ant-form-item css-dev-only-do-not-override-1g853jt"
    >
      <div
        class="ant-row ant-form-item-row css-dev-only-do-not-override-1g853jt"
      >
        <div
          class="ant-col ant-form-item-control css-dev-only-do-not-override-1g853jt"
        >
          <div
            class="ant-form-item-control-input"
          >
            <div
              class="ant-form-item-control-input-content"
            >
              <input
                class="ant-input css-dev-only-do-not-override-1g853jt"
                id="input4"
                placeholder="input4"
                type="text"
                value=""
              />
            </div>
          </div>
        </div>
      </div>
    </div>
    <div
      class="ant-form-item css-dev-only-do-not-override-1g853jt"
    >
      <div
        class="ant-row ant-form-item-row css-dev-only-do-not-override-1g853jt"
      >
        <div
          class="ant-col ant-form-item-control css-dev-only-do-not-override-1g853jt"
        >
          <div
            class="ant-form-item-control-input"
          >
            <div
              class="ant-form-item-control-input-content"
            >
              <div
                class="ant-select ant-select-in-form-item css-dev-only-do-not-override-1g853jt ant-select-single ant-select-show-arrow"
              >
                <div
                  class="ant-select-selector"
                >
                  <span
                    class="ant-select-selection-search"
                  >
                    <input
                      aria-autocomplete="list"
                      aria-controls="select1_list"
                      aria-expanded="false"
                      aria-haspopup="listbox"
                      aria-owns="select1_list"
                      autocomplete="off"
                      class="ant-select-selection-search-input"
                      id="select1"
                      readonly=""
                      role="combobox"
                      style="opacity: 0;"
                      type="search"
                      unselectable="on"
                      value=""
                    />
                  </span>
                  <span
                    class="ant-select-selection-placeholder"
                  />
                </div>
                <span
                  aria-hidden="true"
                  class="ant-select-arrow"
                  style="user-select: none;"
                  unselectable="on"
                >
                  <span
                    aria-label="down"
                    class="anticon anticon-down ant-select-suffix"
                    role="img"
                  >
                    <svg
                      aria-hidden="true"
                      data-icon="down"
                      fill="currentColor"
                      focusable="false"
                      height="1em"
                      viewBox="64 64 896 896"
                      width="1em"
                    >
                      <path
                        d="M884 256h-75c-5.1 0-9.9 2.5-12.9 6.6L512 654.2 227.9 262.6c-3-4.1-7.8-6.6-12.9-6.6h-75c-6.5 0-10.3 7.4-6.5 12.7l352.6 486.1c12.8 17.6 39 17.6 51.7 0l352.6-486.1c3.9-5.3.1-12.7-6.4-12.7z"
                      />
                    </svg>
                  </span>
                </span>
              </div>
            </div>
          </div>
        </div>
      </div>
    </div>
  </form>
</div>
`;

exports[`should render correctly4 1`] = `
<div>
  <form
    class="ant-form ant-form-horizontal css-dev-only-do-not-override-1g853jt"
  >
    <div
      class="ant-form-item css-dev-only-do-not-override-1g853jt"
    >
      <div
        class="ant-row ant-form-item-row css-dev-only-do-not-override-1g853jt"
      >
        <div
          class="ant-col ant-form-item-control css-dev-only-do-not-override-1g853jt"
        >
          <div
            class="ant-form-item-control-input"
          >
            <div
              class="ant-form-item-control-input-content"
            >
              <input
                class="ant-input css-dev-only-do-not-override-1g853jt"
                id="input1"
                placeholder="input1"
                type="text"
                value=""
              />
            </div>
          </div>
        </div>
      </div>
    </div>
    <div
      class="ant-form-item css-dev-only-do-not-override-1g853jt"
    >
      <div
        class="ant-row ant-form-item-row css-dev-only-do-not-override-1g853jt"
      >
        <div
          class="ant-col ant-form-item-control css-dev-only-do-not-override-1g853jt"
        >
          <div
            class="ant-form-item-control-input"
          >
            <div
              class="ant-form-item-control-input-content"
            >
              <input
                class="ant-input css-dev-only-do-not-override-1g853jt"
                id="input2"
                placeholder="input2"
                type="text"
                value=""
              />
            </div>
          </div>
        </div>
      </div>
    </div>
    <div
      class="ant-form-item css-dev-only-do-not-override-1g853jt"
    >
      <div
        class="ant-row ant-form-item-row css-dev-only-do-not-override-1g853jt"
      >
        <div
          class="ant-col ant-form-item-control css-dev-only-do-not-override-1g853jt"
        >
          <div
            class="ant-form-item-control-input"
          >
            <div
              class="ant-form-item-control-input-content"
            >
              <input
                class="ant-input css-dev-only-do-not-override-1g853jt"
                id="input3"
                placeholder="input3"
                type="text"
                value=""
              />
            </div>
          </div>
        </div>
      </div>
    </div>
    <div
      class="ant-form-item css-dev-only-do-not-override-1g853jt"
    >
      <div
        class="ant-row ant-form-item-row css-dev-only-do-not-override-1g853jt"
      >
        <div
          class="ant-col ant-form-item-control css-dev-only-do-not-override-1g853jt"
        >
          <div
            class="ant-form-item-control-input"
          >
            <div
              class="ant-form-item-control-input-content"
            >
              <input
                class="ant-input css-dev-only-do-not-override-1g853jt"
                id="input4"
                placeholder="input4"
                type="text"
                value=""
              />
            </div>
          </div>
        </div>
      </div>
    </div>
    <div
      class="ant-form-item css-dev-only-do-not-override-1g853jt"
    >
      <div
        class="ant-row ant-form-item-row css-dev-only-do-not-override-1g853jt"
      >
        <div
          class="ant-col ant-form-item-control css-dev-only-do-not-override-1g853jt"
        >
          <div
            class="ant-form-item-control-input"
          >
            <div
              class="ant-form-item-control-input-content"
            >
              <div
                class="ant-select ant-select-in-form-item css-dev-only-do-not-override-1g853jt ant-select-single ant-select-show-arrow"
              >
                <div
                  class="ant-select-selector"
                >
                  <span
                    class="ant-select-selection-search"
                  >
                    <input
                      aria-autocomplete="list"
                      aria-controls="select1_list"
                      aria-expanded="false"
                      aria-haspopup="listbox"
                      aria-owns="select1_list"
                      autocomplete="off"
                      class="ant-select-selection-search-input"
                      id="select1"
                      readonly=""
                      role="combobox"
                      style="opacity: 0;"
                      type="search"
                      unselectable="on"
                      value=""
                    />
                  </span>
                  <span
                    class="ant-select-selection-placeholder"
                  />
                </div>
                <span
                  aria-hidden="true"
                  class="ant-select-arrow"
                  style="user-select: none;"
                  unselectable="on"
                >
                  <span
                    aria-label="down"
                    class="anticon anticon-down ant-select-suffix"
                    role="img"
                  >
                    <svg
                      aria-hidden="true"
                      data-icon="down"
                      fill="currentColor"
                      focusable="false"
                      height="1em"
                      viewBox="64 64 896 896"
                      width="1em"
                    >
                      <path
                        d="M884 256h-75c-5.1 0-9.9 2.5-12.9 6.6L512 654.2 227.9 262.6c-3-4.1-7.8-6.6-12.9-6.6h-75c-6.5 0-10.3 7.4-6.5 12.7l352.6 486.1c12.8 17.6 39 17.6 51.7 0l352.6-486.1c3.9-5.3.1-12.7-6.4-12.7z"
                      />
                    </svg>
                  </span>
                </span>
              </div>
            </div>
          </div>
        </div>
      </div>
    </div>
  </form>
</div>
`;
